Archive member included to satisfy reference by file (symbol)

.\CortexM0\ARM_GCC_541\Debug\Lab_2_7SEG.a(SPIM.o)
                              .\CortexM0\ARM_GCC_541\Debug\main.o (SPIM_WriteTxData)
.\CortexM0\ARM_GCC_541\Debug\Lab_2_7SEG.a(isr_100Hz.o)
                              .\CortexM0\ARM_GCC_541\Debug\main.o (isr_100Hz_StartEx)
.\CortexM0\ARM_GCC_541\Debug\Lab_2_7SEG.a(SPIM_IntClock.o)
                              .\CortexM0\ARM_GCC_541\Debug\Lab_2_7SEG.a(SPIM.o) (SPIM_IntClock_StartEx)
.\CortexM0\ARM_GCC_541\Debug\Lab_2_7SEG.a(CyLib.o)
                              .\CortexM0\ARM_GCC_541\Debug\cyfitter_cfg.o (CyIntEnable)
.\CortexM0\ARM_GCC_541\Debug\Lab_2_7SEG.a(CyLFClk.o)
                              .\CortexM0\ARM_GCC_541\Debug\cyfitter_cfg.o (CySysClkWcoStart)
.\CortexM0\ARM_GCC_541\Debug\Lab_2_7SEG.a(Pin_B.o)
                              .\CortexM0\ARM_GCC_541\Debug\main.o (Pin_B_Write)
.\CortexM0\ARM_GCC_541\Debug\Lab_2_7SEG.a(Pin_A.o)
                              .\CortexM0\ARM_GCC_541\Debug\main.o (Pin_A_Write)
.\CortexM0\ARM_GCC_541\Debug\Lab_2_7SEG.a(Pin_C.o)
                              .\CortexM0\ARM_GCC_541\Debug\main.o (Pin_C_Write)
.\CortexM0\ARM_GCC_541\Debug\Lab_2_7SEG.a(CyBootAsmGnu.o)
                              .\CortexM0\ARM_GCC_541\Debug\Lab_2_7SEG.a(CyLib.o) (CyDelayCycles)
c:/program files (x86)/cypress/psoc creator/4.4/psoc creator/import/gnu/arm/5.4.1/bin/../lib/gcc/arm-none-eabi/5.4.1/armv6-m\libgcc.a(_udivsi3.o)
                              .\CortexM0\ARM_GCC_541\Debug\Lab_2_7SEG.a(CyLib.o) (__aeabi_uidiv)
c:/program files (x86)/cypress/psoc creator/4.4/psoc creator/import/gnu/arm/5.4.1/bin/../lib/gcc/arm-none-eabi/5.4.1/armv6-m\libgcc.a(_divsi3.o)
                              .\CortexM0\ARM_GCC_541\Debug\main.o (__aeabi_idiv)
c:/program files (x86)/cypress/psoc creator/4.4/psoc creator/import/gnu/arm/5.4.1/bin/../lib/gcc/arm-none-eabi/5.4.1/armv6-m\libgcc.a(_dvmd_tls.o)
                              c:/program files (x86)/cypress/psoc creator/4.4/psoc creator/import/gnu/arm/5.4.1/bin/../lib/gcc/arm-none-eabi/5.4.1/armv6-m\libgcc.a(_udivsi3.o) (__aeabi_idiv0)
c:/program files (x86)/cypress/psoc creator/4.4/psoc creator/import/gnu/arm/5.4.1/bin/../lib/gcc/arm-none-eabi/5.4.1/../../../../arm-none-eabi/lib/armv6-m\libg_nano.a(lib_a-errno.o)
                              .\CortexM0\ARM_GCC_541\Debug\Cm0Start.o (__errno)
c:/program files (x86)/cypress/psoc creator/4.4/psoc creator/import/gnu/arm/5.4.1/bin/../lib/gcc/arm-none-eabi/5.4.1/../../../../arm-none-eabi/lib/armv6-m\libg_nano.a(lib_a-exit.o)
                              c:/program files (x86)/cypress/psoc creator/4.4/psoc creator/import/gnu/arm/5.4.1/bin/../lib/gcc/arm-none-eabi/5.4.1/../../../../arm-none-eabi/lib/armv6-m/crt0.o (exit)
c:/program files (x86)/cypress/psoc creator/4.4/psoc creator/import/gnu/arm/5.4.1/bin/../lib/gcc/arm-none-eabi/5.4.1/../../../../arm-none-eabi/lib/armv6-m\libg_nano.a(lib_a-impure.o)
                              c:/program files (x86)/cypress/psoc creator/4.4/psoc creator/import/gnu/arm/5.4.1/bin/../lib/gcc/arm-none-eabi/5.4.1/../../../../arm-none-eabi/lib/armv6-m\libg_nano.a(lib_a-exit.o) (_global_impure_ptr)
c:/program files (x86)/cypress/psoc creator/4.4/psoc creator/import/gnu/arm/5.4.1/bin/../lib/gcc/arm-none-eabi/5.4.1/../../../../arm-none-eabi/lib/armv6-m\libg_nano.a(lib_a-init.o)
                              c:/program files (x86)/cypress/psoc creator/4.4/psoc creator/import/gnu/arm/5.4.1/bin/../lib/gcc/arm-none-eabi/5.4.1/../../../../arm-none-eabi/lib/armv6-m/crt0.o (__libc_init_array)
c:/program files (x86)/cypress/psoc creator/4.4/psoc creator/import/gnu/arm/5.4.1/bin/../lib/gcc/arm-none-eabi/5.4.1/../../../../arm-none-eabi/lib/armv6-m\libg_nano.a(lib_a-memcpy-stub.o)
                              .\CortexM0\ARM_GCC_541\Debug\cyfitter_cfg.o (memcpy)
c:/program files (x86)/cypress/psoc creator/4.4/psoc creator/import/gnu/arm/5.4.1/bin/../lib/gcc/arm-none-eabi/5.4.1/../../../../arm-none-eabi/lib/armv6-m\libg_nano.a(lib_a-memset.o)
                              c:/program files (x86)/cypress/psoc creator/4.4/psoc creator/import/gnu/arm/5.4.1/bin/../lib/gcc/arm-none-eabi/5.4.1/../../../../arm-none-eabi/lib/armv6-m/crt0.o (memset)

Allocating common symbols
Common symbol       size              file

SPIM_swStatusTx     0x1               .\CortexM0\ARM_GCC_541\Debug\Lab_2_7SEG.a(SPIM.o)
SPIM_swStatusRx     0x1               .\CortexM0\ARM_GCC_541\Debug\Lab_2_7SEG.a(SPIM.o)

Discarded input sections

 .text          0x00000000        0x0 c:/program files (x86)/cypress/psoc creator/4.4/psoc creator/import/gnu/arm/5.4.1/bin/../lib/gcc/arm-none-eabi/5.4.1/armv6-m/crti.o
 .data          0x00000000        0x0 c:/program files (x86)/cypress/psoc creator/4.4/psoc creator/import/gnu/arm/5.4.1/bin/../lib/gcc/arm-none-eabi/5.4.1/armv6-m/crti.o
 .bss           0x00000000        0x0 c:/program files (x86)/cypress/psoc creator/4.4/psoc creator/import/gnu/arm/5.4.1/bin/../lib/gcc/arm-none-eabi/5.4.1/armv6-m/crti.o
 .data          0x00000000        0x4 c:/program files (x86)/cypress/psoc creator/4.4/psoc creator/import/gnu/arm/5.4.1/bin/../lib/gcc/arm-none-eabi/5.4.1/armv6-m/crtbegin.o
 .text          0x00000000       0x78 c:/program files (x86)/cypress/psoc creator/4.4/psoc creator/import/gnu/arm/5.4.1/bin/../lib/gcc/arm-none-eabi/5.4.1/../../../../arm-none-eabi/lib/armv6-m/crt0.o
 .data          0x00000000        0x0 c:/program files (x86)/cypress/psoc creator/4.4/psoc creator/import/gnu/arm/5.4.1/bin/../lib/gcc/arm-none-eabi/5.4.1/../../../../arm-none-eabi/lib/armv6-m/crt0.o
 .bss           0x00000000        0x0 c:/program files (x86)/cypress/psoc creator/4.4/psoc creator/import/gnu/arm/5.4.1/bin/../lib/gcc/arm-none-eabi/5.4.1/../../../../arm-none-eabi/lib/armv6-m/crt0.o
 .ARM.extab     0x00000000        0x0 c:/program files (x86)/cypress/psoc creator/4.4/psoc creator/import/gnu/arm/5.4.1/bin/../lib/gcc/arm-none-eabi/5.4.1/../../../../arm-none-eabi/lib/armv6-m/crt0.o
 .ARM.exidx     0x00000000        0x8 c:/program files (x86)/cypress/psoc creator/4.4/psoc creator/import/gnu/arm/5.4.1/bin/../lib/gcc/arm-none-eabi/5.4.1/../../../../arm-none-eabi/lib/armv6-m/crt0.o
 .text          0x00000000        0x0 .\CortexM0\ARM_GCC_541\Debug\main.o
 .text          0x00000000        0x0 .\CortexM0\ARM_GCC_541\Debug\cyfitter_cfg.o
 .data          0x00000000        0x0 .\CortexM0\ARM_GCC_541\Debug\cyfitter_cfg.o
 .bss           0x00000000        0x0 .\CortexM0\ARM_GCC_541\Debug\cyfitter_cfg.o
 .text          0x00000000        0x0 .\CortexM0\ARM_GCC_541\Debug\cymetadata.o
 .data          0x00000000        0x0 .\CortexM0\ARM_GCC_541\Debug\cymetadata.o
 .bss           0x00000000        0x0 .\CortexM0\ARM_GCC_541\Debug\cymetadata.o
 .text          0x00000000        0x0 .\CortexM0\ARM_GCC_541\Debug\Cm0Start.o
 .data          0x00000000        0x4 .\CortexM0\ARM_GCC_541\Debug\Cm0Start.o
 .bss           0x00000000        0x0 .\CortexM0\ARM_GCC_541\Debug\Cm0Start.o
 .text._exit    0x00000000        0xc .\CortexM0\ARM_GCC_541\Debug\Cm0Start.o
 .text._sbrk    0x00000000       0x30 .\CortexM0\ARM_GCC_541\Debug\Cm0Start.o
 .text          0x00000000        0x0 .\CortexM0\ARM_GCC_541\Debug\Lab_2_7SEG.a(SPIM.o)
 .data          0x00000000        0x0 .\CortexM0\ARM_GCC_541\Debug\Lab_2_7SEG.a(SPIM.o)
 .text.SPIM_Stop
                0x00000000       0x2c .\CortexM0\ARM_GCC_541\Debug\Lab_2_7SEG.a(SPIM.o)
 .text.SPIM_EnableTxInt
                0x00000000        0x4 .\CortexM0\ARM_GCC_541\Debug\Lab_2_7SEG.a(SPIM.o)
 .text.SPIM_EnableRxInt
                0x00000000        0x4 .\CortexM0\ARM_GCC_541\Debug\Lab_2_7SEG.a(SPIM.o)
 .text.SPIM_DisableTxInt
                0x00000000        0x4 .\CortexM0\ARM_GCC_541\Debug\Lab_2_7SEG.a(SPIM.o)
 .text.SPIM_DisableRxInt
                0x00000000        0x4 .\CortexM0\ARM_GCC_541\Debug\Lab_2_7SEG.a(SPIM.o)
 .text.SPIM_SetTxInterruptMode
                0x00000000        0xc .\CortexM0\ARM_GCC_541\Debug\Lab_2_7SEG.a(SPIM.o)
 .text.SPIM_SetRxInterruptMode
                0x00000000        0xc .\CortexM0\ARM_GCC_541\Debug\Lab_2_7SEG.a(SPIM.o)
 .text.SPIM_ReadRxData
                0x00000000        0xc .\CortexM0\ARM_GCC_541\Debug\Lab_2_7SEG.a(SPIM.o)
 .text.SPIM_GetRxBufferSize
                0x00000000       0x14 .\CortexM0\ARM_GCC_541\Debug\Lab_2_7SEG.a(SPIM.o)
 .text.SPIM_GetTxBufferSize
                0x00000000       0x20 .\CortexM0\ARM_GCC_541\Debug\Lab_2_7SEG.a(SPIM.o)
 .text.SPIM_ClearRxBuffer
                0x00000000       0x18 .\CortexM0\ARM_GCC_541\Debug\Lab_2_7SEG.a(SPIM.o)
 .text.SPIM_ClearTxBuffer
                0x00000000       0x38 .\CortexM0\ARM_GCC_541\Debug\Lab_2_7SEG.a(SPIM.o)
 .text.SPIM_PutArray
                0x00000000       0x20 .\CortexM0\ARM_GCC_541\Debug\Lab_2_7SEG.a(SPIM.o)
 .text.SPIM_EnableInt
                0x00000000        0x4 .\CortexM0\ARM_GCC_541\Debug\Lab_2_7SEG.a(SPIM.o)
 .text.SPIM_DisableInt
                0x00000000        0x4 .\CortexM0\ARM_GCC_541\Debug\Lab_2_7SEG.a(SPIM.o)
 .text.SPIM_SetInterruptMode
                0x00000000       0x18 .\CortexM0\ARM_GCC_541\Debug\Lab_2_7SEG.a(SPIM.o)
 .text.SPIM_ReadStatus
                0x00000000       0x18 .\CortexM0\ARM_GCC_541\Debug\Lab_2_7SEG.a(SPIM.o)
 COMMON         0x00000000        0x2 .\CortexM0\ARM_GCC_541\Debug\Lab_2_7SEG.a(SPIM.o)
 .text          0x00000000        0x0 .\CortexM0\ARM_GCC_541\Debug\Lab_2_7SEG.a(isr_100Hz.o)
 .data          0x00000000        0x0 .\CortexM0\ARM_GCC_541\Debug\Lab_2_7SEG.a(isr_100Hz.o)
 .bss           0x00000000        0x0 .\CortexM0\ARM_GCC_541\Debug\Lab_2_7SEG.a(isr_100Hz.o)
 .text.isr_100Hz_Interrupt
                0x00000000        0x4 .\CortexM0\ARM_GCC_541\Debug\Lab_2_7SEG.a(isr_100Hz.o)
 .text.isr_100Hz_GetVector
                0x00000000        0xc .\CortexM0\ARM_GCC_541\Debug\Lab_2_7SEG.a(isr_100Hz.o)
 .text.isr_100Hz_GetPriority
                0x00000000       0x10 .\CortexM0\ARM_GCC_541\Debug\Lab_2_7SEG.a(isr_100Hz.o)
 .text.isr_100Hz_GetState
                0x00000000       0x14 .\CortexM0\ARM_GCC_541\Debug\Lab_2_7SEG.a(isr_100Hz.o)
 .text.isr_100Hz_Start
                0x00000000       0x1c .\CortexM0\ARM_GCC_541\Debug\Lab_2_7SEG.a(isr_100Hz.o)
 .text.isr_100Hz_Stop
                0x00000000       0x14 .\CortexM0\ARM_GCC_541\Debug\Lab_2_7SEG.a(isr_100Hz.o)
 .text.isr_100Hz_SetPending
                0x00000000        0xc .\CortexM0\ARM_GCC_541\Debug\Lab_2_7SEG.a(isr_100Hz.o)
 .text.isr_100Hz_ClearPending
                0x00000000        0xc .\CortexM0\ARM_GCC_541\Debug\Lab_2_7SEG.a(isr_100Hz.o)
 .text          0x00000000        0x0 .\CortexM0\ARM_GCC_541\Debug\Lab_2_7SEG.a(SPIM_IntClock.o)
 .data          0x00000000        0x0 .\CortexM0\ARM_GCC_541\Debug\Lab_2_7SEG.a(SPIM_IntClock.o)
 .bss           0x00000000        0x0 .\CortexM0\ARM_GCC_541\Debug\Lab_2_7SEG.a(SPIM_IntClock.o)
 .text.SPIM_IntClock_Stop
                0x00000000       0x18 .\CortexM0\ARM_GCC_541\Debug\Lab_2_7SEG.a(SPIM_IntClock.o)
 .text.SPIM_IntClock_SetFractionalDividerRegister
                0x00000000       0x20 .\CortexM0\ARM_GCC_541\Debug\Lab_2_7SEG.a(SPIM_IntClock.o)
 .text.SPIM_IntClock_GetDividerRegister
                0x00000000       0x10 .\CortexM0\ARM_GCC_541\Debug\Lab_2_7SEG.a(SPIM_IntClock.o)
 .text.SPIM_IntClock_GetFractionalDividerRegister
                0x00000000        0x4 .\CortexM0\ARM_GCC_541\Debug\Lab_2_7SEG.a(SPIM_IntClock.o)
 .text          0x00000000        0x0 .\CortexM0\ARM_GCC_541\Debug\Lab_2_7SEG.a(CyLib.o)
 .bss           0x00000000       0x18 .\CortexM0\ARM_GCC_541\Debug\Lab_2_7SEG.a(CyLib.o)
 .text.CySysClkImoStart
                0x00000000       0x14 .\CortexM0\ARM_GCC_541\Debug\Lab_2_7SEG.a(CyLib.o)
 .text.CySysClkImoStop
                0x00000000       0x10 .\CortexM0\ARM_GCC_541\Debug\Lab_2_7SEG.a(CyLib.o)
 .text.CySysClkWriteHfclkDirect
                0x00000000       0x20 .\CortexM0\ARM_GCC_541\Debug\Lab_2_7SEG.a(CyLib.o)
 .text.CySysEnablePumpClock
                0x00000000       0x38 .\CortexM0\ARM_GCC_541\Debug\Lab_2_7SEG.a(CyLib.o)
 .text.CySysClkGetSysclkSource
                0x00000000       0x1c .\CortexM0\ARM_GCC_541\Debug\Lab_2_7SEG.a(CyLib.o)
 .text.CySysClkWriteSysclkDiv
                0x00000000       0x30 .\CortexM0\ARM_GCC_541\Debug\Lab_2_7SEG.a(CyLib.o)
 .text.CySysClkEcoStop
                0x00000000       0x24 .\CortexM0\ARM_GCC_541\Debug\Lab_2_7SEG.a(CyLib.o)
 .text.CySysLvdDisable
                0x00000000       0x20 .\CortexM0\ARM_GCC_541\Debug\Lab_2_7SEG.a(CyLib.o)
 .text.CySysLvdGetInterruptSource
                0x00000000       0x10 .\CortexM0\ARM_GCC_541\Debug\Lab_2_7SEG.a(CyLib.o)
 .text.CySysLvdClearInterrupt
                0x00000000        0xc .\CortexM0\ARM_GCC_541\Debug\Lab_2_7SEG.a(CyLib.o)
 .text.CySysGetResetReason
                0x00000000       0x14 .\CortexM0\ARM_GCC_541\Debug\Lab_2_7SEG.a(CyLib.o)
 .text.CyDisableInts
                0x00000000       0x10 .\CortexM0\ARM_GCC_541\Debug\Lab_2_7SEG.a(CyLib.o)
 .text.CyEnableInts
                0x00000000        0xc .\CortexM0\ARM_GCC_541\Debug\Lab_2_7SEG.a(CyLib.o)
 .text.CyIntGetState
                0x00000000       0x18 .\CortexM0\ARM_GCC_541\Debug\Lab_2_7SEG.a(CyLib.o)
 .text.CyIntDisable
                0x00000000       0x14 .\CortexM0\ARM_GCC_541\Debug\Lab_2_7SEG.a(CyLib.o)
 .text.CyIntSetPending
                0x00000000       0x14 .\CortexM0\ARM_GCC_541\Debug\Lab_2_7SEG.a(CyLib.o)
 .text.CyIntClearPending
                0x00000000       0x14 .\CortexM0\ARM_GCC_541\Debug\Lab_2_7SEG.a(CyLib.o)
 .text.CySysClkWriteEcoDiv
                0x00000000       0x38 .\CortexM0\ARM_GCC_541\Debug\Lab_2_7SEG.a(CyLib.o)
 .text.CyIntSetSysVector
                0x00000000       0x20 .\CortexM0\ARM_GCC_541\Debug\Lab_2_7SEG.a(CyLib.o)
 .text.CyIntGetSysVector
                0x00000000       0x1c .\CortexM0\ARM_GCC_541\Debug\Lab_2_7SEG.a(CyLib.o)
 .text.CyIntGetVector
                0x00000000       0x20 .\CortexM0\ARM_GCC_541\Debug\Lab_2_7SEG.a(CyLib.o)
 .text.CyIntSetPriority
                0x00000000       0x4c .\CortexM0\ARM_GCC_541\Debug\Lab_2_7SEG.a(CyLib.o)
 .text.CyIntGetPriority
                0x00000000       0x2c .\CortexM0\ARM_GCC_541\Debug\Lab_2_7SEG.a(CyLib.o)
 .text.CySoftwareReset
                0x00000000       0x18 .\CortexM0\ARM_GCC_541\Debug\Lab_2_7SEG.a(CyLib.o)
 .text.CySysLvdEnable
                0x00000000       0x44 .\CortexM0\ARM_GCC_541\Debug\Lab_2_7SEG.a(CyLib.o)
 .text.CyDelayFreq
                0x00000000       0x4c .\CortexM0\ARM_GCC_541\Debug\Lab_2_7SEG.a(CyLib.o)
 .text.CySysTickStop
                0x00000000       0x10 .\CortexM0\ARM_GCC_541\Debug\Lab_2_7SEG.a(CyLib.o)
 .text.CySysTickEnableInterrupt
                0x00000000       0x10 .\CortexM0\ARM_GCC_541\Debug\Lab_2_7SEG.a(CyLib.o)
 .text.CySysTickEnable
                0x00000000       0x18 .\CortexM0\ARM_GCC_541\Debug\Lab_2_7SEG.a(CyLib.o)
 .text.CySysTickDisableInterrupt
                0x00000000       0x10 .\CortexM0\ARM_GCC_541\Debug\Lab_2_7SEG.a(CyLib.o)
 .text.CySysTickSetReload
                0x00000000       0x10 .\CortexM0\ARM_GCC_541\Debug\Lab_2_7SEG.a(CyLib.o)
 .text.CySysTickGetReload
                0x00000000       0x10 .\CortexM0\ARM_GCC_541\Debug\Lab_2_7SEG.a(CyLib.o)
 .text.CySysTickGetValue
                0x00000000       0x10 .\CortexM0\ARM_GCC_541\Debug\Lab_2_7SEG.a(CyLib.o)
 .text.CySysTickSetClockSource
                0x00000000       0x20 .\CortexM0\ARM_GCC_541\Debug\Lab_2_7SEG.a(CyLib.o)
 .text.CySysTickGetClockSource
                0x00000000       0x10 .\CortexM0\ARM_GCC_541\Debug\Lab_2_7SEG.a(CyLib.o)
 .text.CySysTickGetCountFlag
                0x00000000       0x10 .\CortexM0\ARM_GCC_541\Debug\Lab_2_7SEG.a(CyLib.o)
 .text.CySysTickServiceCallbacks
                0x00000000       0x28 .\CortexM0\ARM_GCC_541\Debug\Lab_2_7SEG.a(CyLib.o)
 .text.CySysTickClear
                0x00000000        0xc .\CortexM0\ARM_GCC_541\Debug\Lab_2_7SEG.a(CyLib.o)
 .text.CySysTickInit
                0x00000000       0x44 .\CortexM0\ARM_GCC_541\Debug\Lab_2_7SEG.a(CyLib.o)
 .text.CySysTickStart
                0x00000000       0x20 .\CortexM0\ARM_GCC_541\Debug\Lab_2_7SEG.a(CyLib.o)
 .text.CySysTickSetCallback
                0x00000000       0x10 .\CortexM0\ARM_GCC_541\Debug\Lab_2_7SEG.a(CyLib.o)
 .text.CySysTickGetCallback
                0x00000000        0xc .\CortexM0\ARM_GCC_541\Debug\Lab_2_7SEG.a(CyLib.o)
 .text.CyGetUniqueId
                0x00000000       0x70 .\CortexM0\ARM_GCC_541\Debug\Lab_2_7SEG.a(CyLib.o)
 .text.CySysSetRamAccessArbPriority
                0x00000000       0x20 .\CortexM0\ARM_GCC_541\Debug\Lab_2_7SEG.a(CyLib.o)
 .text.CySysSetFlashAccessArbPriority
                0x00000000       0x20 .\CortexM0\ARM_GCC_541\Debug\Lab_2_7SEG.a(CyLib.o)
 .text.CySysSetDmacAccessArbPriority
                0x00000000       0x20 .\CortexM0\ARM_GCC_541\Debug\Lab_2_7SEG.a(CyLib.o)
 .text.CySysSetPeripheralAccessArbPriority
                0x00000000       0x68 .\CortexM0\ARM_GCC_541\Debug\Lab_2_7SEG.a(CyLib.o)
 .text          0x00000000        0x0 .\CortexM0\ARM_GCC_541\Debug\Lab_2_7SEG.a(CyLFClk.o)
 .text.CySysClkIloEnabled
                0x00000000       0x14 .\CortexM0\ARM_GCC_541\Debug\Lab_2_7SEG.a(CyLFClk.o)
 .text.CySysClkGetLfclkSource
                0x00000000       0x10 .\CortexM0\ARM_GCC_541\Debug\Lab_2_7SEG.a(CyLFClk.o)
 .text.CySysClkIloStart
                0x00000000       0x14 .\CortexM0\ARM_GCC_541\Debug\Lab_2_7SEG.a(CyLFClk.o)
 .text.CySysClkIloStartMeasurement
                0x00000000       0x5c .\CortexM0\ARM_GCC_541\Debug\Lab_2_7SEG.a(CyLFClk.o)
 .text.CySysClkIloStopMeasurement
                0x00000000       0x14 .\CortexM0\ARM_GCC_541\Debug\Lab_2_7SEG.a(CyLFClk.o)
 .text.CySysClkIloCompensate
                0x00000000      0x104 .\CortexM0\ARM_GCC_541\Debug\Lab_2_7SEG.a(CyLFClk.o)
 .text.CySysClkIloUpdateTrimReg
                0x00000000       0xa8 .\CortexM0\ARM_GCC_541\Debug\Lab_2_7SEG.a(CyLFClk.o)
 .text.CySysClkIloTrim
                0x00000000       0xd8 .\CortexM0\ARM_GCC_541\Debug\Lab_2_7SEG.a(CyLFClk.o)
 .text.CySysClkIloRestoreFactoryTrim
                0x00000000       0x30 .\CortexM0\ARM_GCC_541\Debug\Lab_2_7SEG.a(CyLFClk.o)
 .text.CySysClkWcoEnabled
                0x00000000       0x14 .\CortexM0\ARM_GCC_541\Debug\Lab_2_7SEG.a(CyLFClk.o)
 .text.CySysClkWcoClockOutSelect
                0x00000000       0x2c .\CortexM0\ARM_GCC_541\Debug\Lab_2_7SEG.a(CyLFClk.o)
 .text.CySysWdtGetEnabledStatus
                0x00000000       0x24 .\CortexM0\ARM_GCC_541\Debug\Lab_2_7SEG.a(CyLFClk.o)
 .text.CySysWdtSetMode
                0x00000000       0x38 .\CortexM0\ARM_GCC_541\Debug\Lab_2_7SEG.a(CyLFClk.o)
 .text.CySysClkLfclkPosedgeRestore
                0x00000000       0x2c .\CortexM0\ARM_GCC_541\Debug\Lab_2_7SEG.a(CyLFClk.o)
 .text.CySysWdtGetMode
                0x00000000       0x14 .\CortexM0\ARM_GCC_541\Debug\Lab_2_7SEG.a(CyLFClk.o)
 .text.CySysWdtSetClearOnMatch
                0x00000000       0x34 .\CortexM0\ARM_GCC_541\Debug\Lab_2_7SEG.a(CyLFClk.o)
 .text.CySysWdtGetClearOnMatch
                0x00000000       0x24 .\CortexM0\ARM_GCC_541\Debug\Lab_2_7SEG.a(CyLFClk.o)
 .text.CySysWdtEnable
                0x00000000       0x3c .\CortexM0\ARM_GCC_541\Debug\Lab_2_7SEG.a(CyLFClk.o)
 .text.CySysWdtDisable
                0x00000000       0x44 .\CortexM0\ARM_GCC_541\Debug\Lab_2_7SEG.a(CyLFClk.o)
 .text.CySysWdtSetCascade
                0x00000000       0x34 .\CortexM0\ARM_GCC_541\Debug\Lab_2_7SEG.a(CyLFClk.o)
 .text.CySysWdtGetCascade
                0x00000000       0x14 .\CortexM0\ARM_GCC_541\Debug\Lab_2_7SEG.a(CyLFClk.o)
 .text.CySysWdtSetMatch
                0x00000000       0x54 .\CortexM0\ARM_GCC_541\Debug\Lab_2_7SEG.a(CyLFClk.o)
 .text.CySysWdtSetToggleBit
                0x00000000       0x30 .\CortexM0\ARM_GCC_541\Debug\Lab_2_7SEG.a(CyLFClk.o)
 .text.CySysWdtGetToggleBit
                0x00000000       0x10 .\CortexM0\ARM_GCC_541\Debug\Lab_2_7SEG.a(CyLFClk.o)
 .text.CySysWdtGetMatch
                0x00000000       0x20 .\CortexM0\ARM_GCC_541\Debug\Lab_2_7SEG.a(CyLFClk.o)
 .text.CySysWdtGetCount
                0x00000000       0x3c .\CortexM0\ARM_GCC_541\Debug\Lab_2_7SEG.a(CyLFClk.o)
 .text.CySysClkLfclkPosedgeCatch
                0x00000000       0x74 .\CortexM0\ARM_GCC_541\Debug\Lab_2_7SEG.a(CyLFClk.o)
 .text.CySysClkIloStop
                0x00000000       0x4c .\CortexM0\ARM_GCC_541\Debug\Lab_2_7SEG.a(CyLFClk.o)
 .text.CySysClkSetLfclkSource
                0x00000000       0x38 .\CortexM0\ARM_GCC_541\Debug\Lab_2_7SEG.a(CyLFClk.o)
 .text.CySysClkWcoStop
                0x00000000       0x48 .\CortexM0\ARM_GCC_541\Debug\Lab_2_7SEG.a(CyLFClk.o)
 .text.CySysWdtGetInterruptSource
                0x00000000       0x14 .\CortexM0\ARM_GCC_541\Debug\Lab_2_7SEG.a(CyLFClk.o)
 .text.CySysWdtResetCounters
                0x00000000       0x20 .\CortexM0\ARM_GCC_541\Debug\Lab_2_7SEG.a(CyLFClk.o)
 .text.CySysWdtSetInterruptCallback
                0x00000000       0x20 .\CortexM0\ARM_GCC_541\Debug\Lab_2_7SEG.a(CyLFClk.o)
 .text.CySysWdtGetInterruptCallback
                0x00000000       0x20 .\CortexM0\ARM_GCC_541\Debug\Lab_2_7SEG.a(CyLFClk.o)
 .text.CySysWdtEnableCounterIsr
                0x00000000       0x34 .\CortexM0\ARM_GCC_541\Debug\Lab_2_7SEG.a(CyLFClk.o)
 .text.CySysWdtDisableCounterIsr
                0x00000000       0x28 .\CortexM0\ARM_GCC_541\Debug\Lab_2_7SEG.a(CyLFClk.o)
 .text.CySysWatchdogFeed
                0x00000000       0x60 .\CortexM0\ARM_GCC_541\Debug\Lab_2_7SEG.a(CyLFClk.o)
 .text.CySysTimerDelayUntilMatch
                0x00000000       0x6c .\CortexM0\ARM_GCC_541\Debug\Lab_2_7SEG.a(CyLFClk.o)
 .text.CySysTimerDelay
                0x00000000       0x3c .\CortexM0\ARM_GCC_541\Debug\Lab_2_7SEG.a(CyLFClk.o)
 .rodata        0x00000000        0xc .\CortexM0\ARM_GCC_541\Debug\Lab_2_7SEG.a(CyLFClk.o)
 .text          0x00000000        0x0 .\CortexM0\ARM_GCC_541\Debug\Lab_2_7SEG.a(Pin_B.o)
 .data          0x00000000        0x0 .\CortexM0\ARM_GCC_541\Debug\Lab_2_7SEG.a(Pin_B.o)
 .bss           0x00000000        0x0 .\CortexM0\ARM_GCC_541\Debug\Lab_2_7SEG.a(Pin_B.o)
 .text.Pin_B_SetDriveMode
                0x00000000       0x14 .\CortexM0\ARM_GCC_541\Debug\Lab_2_7SEG.a(Pin_B.o)
 .text.Pin_B_Read
                0x00000000       0x10 .\CortexM0\ARM_GCC_541\Debug\Lab_2_7SEG.a(Pin_B.o)
 .text.Pin_B_ReadDataReg
                0x00000000       0x10 .\CortexM0\ARM_GCC_541\Debug\Lab_2_7SEG.a(Pin_B.o)
 .text.Pin_B_SetInterruptMode
                0x00000000       0x14 .\CortexM0\ARM_GCC_541\Debug\Lab_2_7SEG.a(Pin_B.o)
 .text.Pin_B_ClearInterrupt
                0x00000000       0x14 .\CortexM0\ARM_GCC_541\Debug\Lab_2_7SEG.a(Pin_B.o)
 .text          0x00000000        0x0 .\CortexM0\ARM_GCC_541\Debug\Lab_2_7SEG.a(Pin_A.o)
 .data          0x00000000        0x0 .\CortexM0\ARM_GCC_541\Debug\Lab_2_7SEG.a(Pin_A.o)
 .bss           0x00000000        0x0 .\CortexM0\ARM_GCC_541\Debug\Lab_2_7SEG.a(Pin_A.o)
 .text.Pin_A_SetDriveMode
                0x00000000       0x18 .\CortexM0\ARM_GCC_541\Debug\Lab_2_7SEG.a(Pin_A.o)
 .text.Pin_A_Read
                0x00000000       0x10 .\CortexM0\ARM_GCC_541\Debug\Lab_2_7SEG.a(Pin_A.o)
 .text.Pin_A_ReadDataReg
                0x00000000       0x10 .\CortexM0\ARM_GCC_541\Debug\Lab_2_7SEG.a(Pin_A.o)
 .text.Pin_A_SetInterruptMode
                0x00000000       0x14 .\CortexM0\ARM_GCC_541\Debug\Lab_2_7SEG.a(Pin_A.o)
 .text.Pin_A_ClearInterrupt
                0x00000000       0x14 .\CortexM0\ARM_GCC_541\Debug\Lab_2_7SEG.a(Pin_A.o)
 .text          0x00000000        0x0 .\CortexM0\ARM_GCC_541\Debug\Lab_2_7SEG.a(Pin_C.o)
 .data          0x00000000        0x0 .\CortexM0\ARM_GCC_541\Debug\Lab_2_7SEG.a(Pin_C.o)
 .bss           0x00000000        0x0 .\CortexM0\ARM_GCC_541\Debug\Lab_2_7SEG.a(Pin_C.o)
 .text.Pin_C_SetDriveMode
                0x00000000       0x18 .\CortexM0\ARM_GCC_541\Debug\Lab_2_7SEG.a(Pin_C.o)
 .text.Pin_C_Read
                0x00000000       0x10 .\CortexM0\ARM_GCC_541\Debug\Lab_2_7SEG.a(Pin_C.o)
 .text.Pin_C_ReadDataReg
                0x00000000       0x10 .\CortexM0\ARM_GCC_541\Debug\Lab_2_7SEG.a(Pin_C.o)
 .text.Pin_C_SetInterruptMode
                0x00000000       0x14 .\CortexM0\ARM_GCC_541\Debug\Lab_2_7SEG.a(Pin_C.o)
 .text.Pin_C_ClearInterrupt
                0x00000000       0x14 .\CortexM0\ARM_GCC_541\Debug\Lab_2_7SEG.a(Pin_C.o)
 .data          0x00000000        0x0 .\CortexM0\ARM_GCC_541\Debug\Lab_2_7SEG.a(CyBootAsmGnu.o)
 .bss           0x00000000        0x0 .\CortexM0\ARM_GCC_541\Debug\Lab_2_7SEG.a(CyBootAsmGnu.o)
 .text          0x00000000      0x114 c:/program files (x86)/cypress/psoc creator/4.4/psoc creator/import/gnu/arm/5.4.1/bin/../lib/gcc/arm-none-eabi/5.4.1/armv6-m\libgcc.a(_udivsi3.o)
 .data          0x00000000        0x0 c:/program files (x86)/cypress/psoc creator/4.4/psoc creator/import/gnu/arm/5.4.1/bin/../lib/gcc/arm-none-eabi/5.4.1/armv6-m\libgcc.a(_udivsi3.o)
 .bss           0x00000000        0x0 c:/program files (x86)/cypress/psoc creator/4.4/psoc creator/import/gnu/arm/5.4.1/bin/../lib/gcc/arm-none-eabi/5.4.1/armv6-m\libgcc.a(_udivsi3.o)
 .data          0x00000000        0x0 c:/program files (x86)/cypress/psoc creator/4.4/psoc creator/import/gnu/arm/5.4.1/bin/../lib/gcc/arm-none-eabi/5.4.1/armv6-m\libgcc.a(_divsi3.o)
 .bss           0x00000000        0x0 c:/program files (x86)/cypress/psoc creator/4.4/psoc creator/import/gnu/arm/5.4.1/bin/../lib/gcc/arm-none-eabi/5.4.1/armv6-m\libgcc.a(_divsi3.o)
 .data          0x00000000        0x0 c:/program files (x86)/cypress/psoc creator/4.4/psoc creator/import/gnu/arm/5.4.1/bin/../lib/gcc/arm-none-eabi/5.4.1/armv6-m\libgcc.a(_dvmd_tls.o)
 .bss           0x00000000        0x0 c:/program files (x86)/cypress/psoc creator/4.4/psoc creator/import/gnu/arm/5.4.1/bin/../lib/gcc/arm-none-eabi/5.4.1/armv6-m\libgcc.a(_dvmd_tls.o)
 .text          0x00000000        0x0 c:/program files (x86)/cypress/psoc creator/4.4/psoc creator/import/gnu/arm/5.4.1/bin/../lib/gcc/arm-none-eabi/5.4.1/../../../../arm-none-eabi/lib/armv6-m\libg_nano.a(lib_a-errno.o)
 .data          0x00000000        0x0 c:/program files (x86)/cypress/psoc creator/4.4/psoc creator/import/gnu/arm/5.4.1/bin/../lib/gcc/arm-none-eabi/5.4.1/../../../../arm-none-eabi/lib/armv6-m\libg_nano.a(lib_a-errno.o)
 .bss           0x00000000        0x0 c:/program files (x86)/cypress/psoc creator/4.4/psoc creator/import/gnu/arm/5.4.1/bin/../lib/gcc/arm-none-eabi/5.4.1/../../../../arm-none-eabi/lib/armv6-m\libg_nano.a(lib_a-errno.o)
 .text          0x00000000        0x0 c:/program files (x86)/cypress/psoc creator/4.4/psoc creator/import/gnu/arm/5.4.1/bin/../lib/gcc/arm-none-eabi/5.4.1/../../../../arm-none-eabi/lib/armv6-m\libg_nano.a(lib_a-exit.o)
 .data          0x00000000        0x0 c:/program files (x86)/cypress/psoc creator/4.4/psoc creator/import/gnu/arm/5.4.1/bin/../lib/gcc/arm-none-eabi/5.4.1/../../../../arm-none-eabi/lib/armv6-m\libg_nano.a(lib_a-exit.o)
 .bss           0x00000000        0x0 c:/program files (x86)/cypress/psoc creator/4.4/psoc creator/import/gnu/arm/5.4.1/bin/../lib/gcc/arm-none-eabi/5.4.1/../../../../arm-none-eabi/lib/armv6-m\libg_nano.a(lib_a-exit.o)
 .text.exit     0x00000000       0x2c c:/program files (x86)/cypress/psoc creator/4.4/psoc creator/import/gnu/arm/5.4.1/bin/../lib/gcc/arm-none-eabi/5.4.1/../../../../arm-none-eabi/lib/armv6-m\libg_nano.a(lib_a-exit.o)
 .text          0x00000000        0x0 c:/program files (x86)/cypress/psoc creator/4.4/psoc creator/import/gnu/arm/5.4.1/bin/../lib/gcc/arm-none-eabi/5.4.1/../../../../arm-none-eabi/lib/armv6-m\libg_nano.a(lib_a-impure.o)
 .data          0x00000000        0x0 c:/program files (x86)/cypress/psoc creator/4.4/psoc creator/import/gnu/arm/5.4.1/bin/../lib/gcc/arm-none-eabi/5.4.1/../../../../arm-none-eabi/lib/armv6-m\libg_nano.a(lib_a-impure.o)
 .bss           0x00000000        0x0 c:/program files (x86)/cypress/psoc creator/4.4/psoc creator/import/gnu/arm/5.4.1/bin/../lib/gcc/arm-none-eabi/5.4.1/../../../../arm-none-eabi/lib/armv6-m\libg_nano.a(lib_a-impure.o)
 .rodata._global_impure_ptr
                0x00000000        0x4 c:/program files (x86)/cypress/psoc creator/4.4/psoc creator/import/gnu/arm/5.4.1/bin/../lib/gcc/arm-none-eabi/5.4.1/../../../../arm-none-eabi/lib/armv6-m\libg_nano.a(lib_a-impure.o)
 .text          0x00000000        0x0 c:/program files (x86)/cypress/psoc creator/4.4/psoc creator/import/gnu/arm/5.4.1/bin/../lib/gcc/arm-none-eabi/5.4.1/../../../../arm-none-eabi/lib/armv6-m\libg_nano.a(lib_a-init.o)
 .data          0x00000000        0x0 c:/program files (x86)/cypress/psoc creator/4.4/psoc creator/import/gnu/arm/5.4.1/bin/../lib/gcc/arm-none-eabi/5.4.1/../../../../arm-none-eabi/lib/armv6-m\libg_nano.a(lib_a-init.o)
 .bss           0x00000000        0x0 c:/program files (x86)/cypress/psoc creator/4.4/psoc creator/import/gnu/arm/5.4.1/bin/../lib/gcc/arm-none-eabi/5.4.1/../../../../arm-none-eabi/lib/armv6-m\libg_nano.a(lib_a-init.o)
 .text          0x00000000        0x0 c:/program files (x86)/cypress/psoc creator/4.4/psoc creator/import/gnu/arm/5.4.1/bin/../lib/gcc/arm-none-eabi/5.4.1/../../../../arm-none-eabi/lib/armv6-m\libg_nano.a(lib_a-memcpy-stub.o)
 .data          0x00000000        0x0 c:/program files (x86)/cypress/psoc creator/4.4/psoc creator/import/gnu/arm/5.4.1/bin/../lib/gcc/arm-none-eabi/5.4.1/../../../../arm-none-eabi/lib/armv6-m\libg_nano.a(lib_a-memcpy-stub.o)
 .bss           0x00000000        0x0 c:/program files (x86)/cypress/psoc creator/4.4/psoc creator/import/gnu/arm/5.4.1/bin/../lib/gcc/arm-none-eabi/5.4.1/../../../../arm-none-eabi/lib/armv6-m\libg_nano.a(lib_a-memcpy-stub.o)
 .text          0x00000000        0x0 c:/program files (x86)/cypress/psoc creator/4.4/psoc creator/import/gnu/arm/5.4.1/bin/../lib/gcc/arm-none-eabi/5.4.1/../../../../arm-none-eabi/lib/armv6-m\libg_nano.a(lib_a-memset.o)
 .data          0x00000000        0x0 c:/program files (x86)/cypress/psoc creator/4.4/psoc creator/import/gnu/arm/5.4.1/bin/../lib/gcc/arm-none-eabi/5.4.1/../../../../arm-none-eabi/lib/armv6-m\libg_nano.a(lib_a-memset.o)
 .bss           0x00000000        0x0 c:/program files (x86)/cypress/psoc creator/4.4/psoc creator/import/gnu/arm/5.4.1/bin/../lib/gcc/arm-none-eabi/5.4.1/../../../../arm-none-eabi/lib/armv6-m\libg_nano.a(lib_a-memset.o)
 .text          0x00000000        0x0 c:/program files (x86)/cypress/psoc creator/4.4/psoc creator/import/gnu/arm/5.4.1/bin/../lib/gcc/arm-none-eabi/5.4.1/armv6-m/crtend.o
 .data          0x00000000        0x0 c:/program files (x86)/cypress/psoc creator/4.4/psoc creator/import/gnu/arm/5.4.1/bin/../lib/gcc/arm-none-eabi/5.4.1/armv6-m/crtend.o
 .bss           0x00000000        0x0 c:/program files (x86)/cypress/psoc creator/4.4/psoc creator/import/gnu/arm/5.4.1/bin/../lib/gcc/arm-none-eabi/5.4.1/armv6-m/crtend.o
 .text          0x00000000        0x0 c:/program files (x86)/cypress/psoc creator/4.4/psoc creator/import/gnu/arm/5.4.1/bin/../lib/gcc/arm-none-eabi/5.4.1/armv6-m/crtn.o
 .data          0x00000000        0x0 c:/program files (x86)/cypress/psoc creator/4.4/psoc creator/import/gnu/arm/5.4.1/bin/../lib/gcc/arm-none-eabi/5.4.1/armv6-m/crtn.o
 .bss           0x00000000        0x0 c:/program files (x86)/cypress/psoc creator/4.4/psoc creator/import/gnu/arm/5.4.1/bin/../lib/gcc/arm-none-eabi/5.4.1/armv6-m/crtn.o

Memory Configuration

Name             Origin             Length             Attributes
rom              0x00000000         0x00040000         xr
ram              0x20000000         0x00008000         xrw
*default*        0x00000000         0xffffffff

Linker script and memory map

LOAD c:/program files (x86)/cypress/psoc creator/4.4/psoc creator/import/gnu/arm/5.4.1/bin/../lib/gcc/arm-none-eabi/5.4.1/armv6-m/crti.o
LOAD c:/program files (x86)/cypress/psoc creator/4.4/psoc creator/import/gnu/arm/5.4.1/bin/../lib/gcc/arm-none-eabi/5.4.1/armv6-m/crtbegin.o
LOAD c:/program files (x86)/cypress/psoc creator/4.4/psoc creator/import/gnu/arm/5.4.1/bin/../lib/gcc/arm-none-eabi/5.4.1/../../../../arm-none-eabi/lib/armv6-m/crt0.o
START GROUP
LOAD .\CortexM0\ARM_GCC_541\Debug\main.o
LOAD .\CortexM0\ARM_GCC_541\Debug\cyfitter_cfg.o
LOAD .\CortexM0\ARM_GCC_541\Debug\cymetadata.o
LOAD .\CortexM0\ARM_GCC_541\Debug\Cm0Start.o
LOAD .\CortexM0\ARM_GCC_541\Debug\Lab_2_7SEG.a
END GROUP
START GROUP
LOAD c:/program files (x86)/cypress/psoc creator/4.4/psoc creator/import/gnu/arm/5.4.1/bin/../lib/gcc/arm-none-eabi/5.4.1/armv6-m\libgcc.a
LOAD c:/program files (x86)/cypress/psoc creator/4.4/psoc creator/import/gnu/arm/5.4.1/bin/../lib/gcc/arm-none-eabi/5.4.1/../../../../arm-none-eabi/lib/armv6-m\libg_nano.a
LOAD c:/program files (x86)/cypress/psoc creator/4.4/psoc creator/import/gnu/arm/5.4.1/bin/../lib/gcc/arm-none-eabi/5.4.1/../../../../arm-none-eabi/lib/armv6-m\libc_nano.a
END GROUP
START GROUP
LOAD c:/program files (x86)/cypress/psoc creator/4.4/psoc creator/import/gnu/arm/5.4.1/bin/../lib/gcc/arm-none-eabi/5.4.1/armv6-m\libgcc.a
LOAD c:/program files (x86)/cypress/psoc creator/4.4/psoc creator/import/gnu/arm/5.4.1/bin/../lib/gcc/arm-none-eabi/5.4.1/../../../../arm-none-eabi/lib/armv6-m\libc_nano.a
END GROUP
LOAD c:/program files (x86)/cypress/psoc creator/4.4/psoc creator/import/gnu/arm/5.4.1/bin/../lib/gcc/arm-none-eabi/5.4.1/armv6-m/crtend.o
LOAD c:/program files (x86)/cypress/psoc creator/4.4/psoc creator/import/gnu/arm/5.4.1/bin/../lib/gcc/arm-none-eabi/5.4.1/armv6-m/crtn.o
START GROUP
LOAD c:/program files (x86)/cypress/psoc creator/4.4/psoc creator/import/gnu/arm/5.4.1/bin/../lib/gcc/arm-none-eabi/5.4.1/armv6-m\libgcc.a
LOAD c:/program files (x86)/cypress/psoc creator/4.4/psoc creator/import/gnu/arm/5.4.1/bin/../lib/gcc/arm-none-eabi/5.4.1/../../../../arm-none-eabi/lib/armv6-m\libc.a
LOAD c:/program files (x86)/cypress/psoc creator/4.4/psoc creator/import/gnu/arm/5.4.1/bin/../lib/gcc/arm-none-eabi/5.4.1/../../../../arm-none-eabi/lib/armv6-m\libnosys.a
END GROUP
                0x00000000                CY_APPL_ORIGIN = 0x0
                0x00000100                CY_FLASH_ROW_SIZE = 0x100
                0x00000001                CY_APPL_NUM = 0x1
                0x00000001                CY_APPL_MAX = 0x1
                0x00000040                CY_METADATA_SIZE = 0x40
                0x00000000                CY_APPL_LOADABLE = 0x0
                0x00000000                CY_CHECKSUM_EXCLUDE_SIZE = ALIGN (0x0, CY_FLASH_ROW_SIZE)
                0x00000000                CY_APP_FOR_STACK_AND_COPIER = 0x0
                [!provide]                PROVIDE (__cy_heap_start, _end)
                0x00000001                PROVIDE (__cy_region_num, ((__cy_regions_end - __cy_regions) / 0x10))
                0x20008000                PROVIDE (__cy_stack, (ORIGIN (ram) + LENGTH (ram)))
                [!provide]                PROVIDE (__cy_heap_end, (__cy_stack - 0x400))

.cybootloader   0x00000000        0x0
 *(.cybootloader)
                0x00000000                appl1_start = CY_APPL_ORIGIN?CY_APPL_ORIGIN:ALIGN (CY_FLASH_ROW_SIZE)
                0x0001ff00                appl2_start = (appl1_start + ALIGN ((((LENGTH (rom) - appl1_start) - (0x2 * CY_FLASH_ROW_SIZE)) / 0x2), CY_FLASH_ROW_SIZE))
                0x00000000                appl_start = (CY_APPL_NUM == 0x1)?appl1_start:appl2_start
                0x00000001                cy_project_type_bootloader = (appl_start == 0x0)?0x1:0x0
                0x00000000                cy_project_type_app_for_stack_and_copier = (CY_APP_FOR_STACK_AND_COPIER == 0x1)?0x1:0x0

.text           0x00000000      0xe02
 CREATE_OBJECT_SYMBOLS
                0x00000000                PROVIDE (__cy_interrupt_vector, RomVectors)
 *(.romvectors)
 .romvectors    0x00000000       0x10 .\CortexM0\ARM_GCC_541\Debug\Cm0Start.o
                0x00000000                RomVectors
                0x00000001                ASSERT ((. != __cy_interrupt_vector), No interrupt vector)
                0x00000001                ASSERT (CY_APPL_ORIGIN?(SIZEOF (.cybootloader) <= CY_APPL_ORIGIN):0x1, Wrong image location)
                0x00000010                PROVIDE (__cy_reset, Reset)
 *(.text.Reset)
 .text.Reset    0x00000010        0x8 .\CortexM0\ARM_GCC_541\Debug\Cm0Start.o
                0x00000010                Reset
                0x00000001                ASSERT ((. != __cy_reset), No reset code)
 *(.psocinit)
 .psocinit      0x00000018      0x250 .\CortexM0\ARM_GCC_541\Debug\cyfitter_cfg.o
                0x00000130                cyfitter_cfg
                0x00000268                . = MAX (., 0x100)
 *(.text .text.* .gnu.linkonce.t.*)
 .text          0x00000268       0x60 c:/program files (x86)/cypress/psoc creator/4.4/psoc creator/import/gnu/arm/5.4.1/bin/../lib/gcc/arm-none-eabi/5.4.1/armv6-m/crtbegin.o
 .text.isr_100Hz
                0x000002c8       0x24 .\CortexM0\ARM_GCC_541\Debug\main.o
                0x000002c8                isr_100Hz
 .text.out7seg  0x000002ec       0xc0 .\CortexM0\ARM_GCC_541\Debug\main.o
                0x000002ec                out7seg
 .text.main     0x000003ac       0xac .\CortexM0\ARM_GCC_541\Debug\main.o
                0x000003ac                main
 .text.cfg_write_bytes32
                0x00000458       0x34 .\CortexM0\ARM_GCC_541\Debug\cyfitter_cfg.o
 .text.AnalogSetDefault
                0x0000048c       0x20 .\CortexM0\ARM_GCC_541\Debug\cyfitter_cfg.o
 .text.CYMEMZERO
                0x000004ac        0xc .\CortexM0\ARM_GCC_541\Debug\cyfitter_cfg.o
 .text.CYCONFIGCPYCODE
                0x000004b8        0x8 .\CortexM0\ARM_GCC_541\Debug\cyfitter_cfg.o
 .text.IntDefaultHandler
                0x000004c0       0x10 .\CortexM0\ARM_GCC_541\Debug\Cm0Start.o
                0x000004c0                IntDefaultHandler
 .text.Start_c  0x000004d0       0x48 .\CortexM0\ARM_GCC_541\Debug\Cm0Start.o
                0x000004d0                Start_c
 .text.initialize_psoc
                0x00000518       0x4c .\CortexM0\ARM_GCC_541\Debug\Cm0Start.o
                0x00000518                initialize_psoc
 .text.SPIM_Enable
                0x00000564       0x40 .\CortexM0\ARM_GCC_541\Debug\Lab_2_7SEG.a(SPIM.o)
                0x00000564                SPIM_Enable
 .text.SPIM_ReadTxStatus
                0x000005a4        0xc .\CortexM0\ARM_GCC_541\Debug\Lab_2_7SEG.a(SPIM.o)
                0x000005a4                SPIM_ReadTxStatus
 .text.SPIM_ReadRxStatus
                0x000005b0        0xc .\CortexM0\ARM_GCC_541\Debug\Lab_2_7SEG.a(SPIM.o)
                0x000005b0                SPIM_ReadRxStatus
 .text.SPIM_WriteTxData
                0x000005bc       0x18 .\CortexM0\ARM_GCC_541\Debug\Lab_2_7SEG.a(SPIM.o)
                0x000005bc                SPIM_WriteTxData
 .text.SPIM_ClearFIFO
                0x000005d4       0x50 .\CortexM0\ARM_GCC_541\Debug\Lab_2_7SEG.a(SPIM.o)
                0x000005d4                SPIM_ClearFIFO
 .text.SPIM_Init
                0x00000624       0x2c .\CortexM0\ARM_GCC_541\Debug\Lab_2_7SEG.a(SPIM.o)
                0x00000624                SPIM_Init
 .text.SPIM_Start
                0x00000650       0x20 .\CortexM0\ARM_GCC_541\Debug\Lab_2_7SEG.a(SPIM.o)
                0x00000650                SPIM_Start
 .text.isr_100Hz_SetVector
                0x00000670        0xc .\CortexM0\ARM_GCC_541\Debug\Lab_2_7SEG.a(isr_100Hz.o)
                0x00000670                isr_100Hz_SetVector
 .text.isr_100Hz_SetPriority
                0x0000067c       0x24 .\CortexM0\ARM_GCC_541\Debug\Lab_2_7SEG.a(isr_100Hz.o)
                0x0000067c                isr_100Hz_SetPriority
 .text.isr_100Hz_Enable
                0x000006a0        0xc .\CortexM0\ARM_GCC_541\Debug\Lab_2_7SEG.a(isr_100Hz.o)
                0x000006a0                isr_100Hz_Enable
 .text.isr_100Hz_Disable
                0x000006ac        0xc .\CortexM0\ARM_GCC_541\Debug\Lab_2_7SEG.a(isr_100Hz.o)
                0x000006ac                isr_100Hz_Disable
 .text.isr_100Hz_StartEx
                0x000006b8       0x1c .\CortexM0\ARM_GCC_541\Debug\Lab_2_7SEG.a(isr_100Hz.o)
                0x000006b8                isr_100Hz_StartEx
 .text.SPIM_IntClock_StartEx
                0x000006d4       0x1c .\CortexM0\ARM_GCC_541\Debug\Lab_2_7SEG.a(SPIM_IntClock.o)
                0x000006d4                SPIM_IntClock_StartEx
 .text.CySysClkEcoReadStatus
                0x000006f0       0x10 .\CortexM0\ARM_GCC_541\Debug\Lab_2_7SEG.a(CyLib.o)
                0x000006f0                CySysClkEcoReadStatus
 .text.CyIntEnable
                0x00000700       0x14 .\CortexM0\ARM_GCC_541\Debug\Lab_2_7SEG.a(CyLib.o)
                0x00000700                CyIntEnable
 .text.CyHalt   0x00000714        0x4 .\CortexM0\ARM_GCC_541\Debug\Lab_2_7SEG.a(CyLib.o)
                0x00000714                CyHalt
 .text.CyIntSetVector
                0x00000718       0x24 .\CortexM0\ARM_GCC_541\Debug\Lab_2_7SEG.a(CyLib.o)
                0x00000718                CyIntSetVector
 .text.CyDelay  0x0000073c       0x30 .\CortexM0\ARM_GCC_541\Debug\Lab_2_7SEG.a(CyLib.o)
                0x0000073c                CyDelay
 .text.CyDelayUs
                0x0000076c       0x14 .\CortexM0\ARM_GCC_541\Debug\Lab_2_7SEG.a(CyLib.o)
                0x0000076c                CyDelayUs
 .text.CySysClkWriteImoFreq
                0x00000780      0x164 .\CortexM0\ARM_GCC_541\Debug\Lab_2_7SEG.a(CyLib.o)
                0x00000780                CySysClkWriteImoFreq
 .text.CySysClkEcoStart
                0x000008e4       0x54 .\CortexM0\ARM_GCC_541\Debug\Lab_2_7SEG.a(CyLib.o)
                0x000008e4                CySysClkEcoStart
 .text.CySysWdtLocked
                0x00000938       0x14 .\CortexM0\ARM_GCC_541\Debug\Lab_2_7SEG.a(CyLFClk.o)
 .text.CySysClkWcoStart
                0x0000094c       0x40 .\CortexM0\ARM_GCC_541\Debug\Lab_2_7SEG.a(CyLFClk.o)
                0x0000094c                CySysClkWcoStart
 .text.CySysClkWcoSetPowerMode
                0x0000098c       0x80 .\CortexM0\ARM_GCC_541\Debug\Lab_2_7SEG.a(CyLFClk.o)
                0x0000098c                CySysClkWcoSetPowerMode
 .text.CySysWdtLock
                0x00000a0c       0x1c .\CortexM0\ARM_GCC_541\Debug\Lab_2_7SEG.a(CyLFClk.o)
                0x00000a0c                CySysWdtLock
 .text.CySysWdtUnlock
                0x00000a28       0x30 .\CortexM0\ARM_GCC_541\Debug\Lab_2_7SEG.a(CyLFClk.o)
                0x00000a28                CySysWdtUnlock
 .text.CySysWdtClearInterrupt
                0x00000a58       0x4c .\CortexM0\ARM_GCC_541\Debug\Lab_2_7SEG.a(CyLFClk.o)
                0x00000a58                CySysWdtClearInterrupt
 .text.CySysWdtIsr
                0x00000aa4       0xa4 .\CortexM0\ARM_GCC_541\Debug\Lab_2_7SEG.a(CyLFClk.o)
                0x00000aa4                CySysWdtIsr
 .text.Pin_B_Write
                0x00000b48       0x18 .\CortexM0\ARM_GCC_541\Debug\Lab_2_7SEG.a(Pin_B.o)
                0x00000b48                Pin_B_Write
 .text.Pin_A_Write
                0x00000b60       0x18 .\CortexM0\ARM_GCC_541\Debug\Lab_2_7SEG.a(Pin_A.o)
                0x00000b60                Pin_A_Write
 .text.Pin_C_Write
                0x00000b78       0x18 .\CortexM0\ARM_GCC_541\Debug\Lab_2_7SEG.a(Pin_C.o)
                0x00000b78                Pin_C_Write
 .text          0x00000b90       0x20 .\CortexM0\ARM_GCC_541\Debug\Lab_2_7SEG.a(CyBootAsmGnu.o)
                0x00000b90                CyDelayCycles
                0x00000ba2                CyEnterCriticalSection
                0x00000baa                CyExitCriticalSection
 .text          0x00000bb0      0x1d4 c:/program files (x86)/cypress/psoc creator/4.4/psoc creator/import/gnu/arm/5.4.1/bin/../lib/gcc/arm-none-eabi/5.4.1/armv6-m\libgcc.a(_divsi3.o)
                0x00000bb0                __divsi3
                0x00000bb0                __aeabi_idiv
                0x00000d7c                __aeabi_idivmod
 .text          0x00000d84        0x4 c:/program files (x86)/cypress/psoc creator/4.4/psoc creator/import/gnu/arm/5.4.1/bin/../lib/gcc/arm-none-eabi/5.4.1/armv6-m\libgcc.a(_dvmd_tls.o)
                0x00000d84                __aeabi_idiv0
                0x00000d84                __aeabi_ldiv0
 .text.__errno  0x00000d88        0xc c:/program files (x86)/cypress/psoc creator/4.4/psoc creator/import/gnu/arm/5.4.1/bin/../lib/gcc/arm-none-eabi/5.4.1/../../../../arm-none-eabi/lib/armv6-m\libg_nano.a(lib_a-errno.o)
                0x00000d88                __errno
 .text.__libc_init_array
                0x00000d94       0x4c c:/program files (x86)/cypress/psoc creator/4.4/psoc creator/import/gnu/arm/5.4.1/bin/../lib/gcc/arm-none-eabi/5.4.1/../../../../arm-none-eabi/lib/armv6-m\libg_nano.a(lib_a-init.o)
                0x00000d94                __libc_init_array
 .text.memcpy   0x00000de0       0x12 c:/program files (x86)/cypress/psoc creator/4.4/psoc creator/import/gnu/arm/5.4.1/bin/../lib/gcc/arm-none-eabi/5.4.1/../../../../arm-none-eabi/lib/armv6-m\libg_nano.a(lib_a-memcpy-stub.o)
                0x00000de0                memcpy
 .text.memset   0x00000df2       0x10 c:/program files (x86)/cypress/psoc creator/4.4/psoc creator/import/gnu/arm/5.4.1/bin/../lib/gcc/arm-none-eabi/5.4.1/../../../../arm-none-eabi/lib/armv6-m\libg_nano.a(lib_a-memset.o)
                0x00000df2                memset
 *(.plt)
 *(.gnu.warning)
 *(.glue_7t)
 .glue_7t       0x00000e02        0x0 linker stubs
 *(.glue_7)
 .glue_7        0x00000e02        0x0 linker stubs
 *(.vfp11_veneer)
 .vfp11_veneer  0x00000e02        0x0 linker stubs
 *(.bootloader)
 *(.ARM.extab* .gnu.linkonce.armextab.*)
 *(.gcc_except_table)

.v4_bx          0x00000e04        0x0
 .v4_bx         0x00000e04        0x0 linker stubs

.iplt           0x00000e04        0x0
 .iplt          0x00000e04        0x0 c:/program files (x86)/cypress/psoc creator/4.4/psoc creator/import/gnu/arm/5.4.1/bin/../lib/gcc/arm-none-eabi/5.4.1/armv6-m/crtbegin.o

.eh_frame_hdr
 *(.eh_frame_hdr)

.eh_frame       0x00000e04        0x4
 *(.eh_frame)
 .eh_frame      0x00000e04        0x0 c:/program files (x86)/cypress/psoc creator/4.4/psoc creator/import/gnu/arm/5.4.1/bin/../lib/gcc/arm-none-eabi/5.4.1/armv6-m/crtbegin.o
 .eh_frame      0x00000e04        0x4 c:/program files (x86)/cypress/psoc creator/4.4/psoc creator/import/gnu/arm/5.4.1/bin/../lib/gcc/arm-none-eabi/5.4.1/armv6-m/crtend.o
                [!provide]                PROVIDE (__exidx_start, .)

.ARM.exidx
 *(.ARM.exidx* .gnu.linkonce.armexidx.*)
                0x00000e08                __exidx_end = .

.rodata         0x00000e08      0x2e8
 *(.rodata .rodata.* .gnu.linkonce.r.*)
 .rodata        0x00000e08       0x2d .\CortexM0\ARM_GCC_541\Debug\main.o
                0x00000e08                KOD7
                0x00000e34                MINUS
 *fill*         0x00000e35        0x3 
 .rodata        0x00000e38      0x254 .\CortexM0\ARM_GCC_541\Debug\cyfitter_cfg.o
 .rodata        0x0000108c       0x2e .\CortexM0\ARM_GCC_541\Debug\Lab_2_7SEG.a(CyLib.o)
                0x0000108c                cyImoFreqMhz2Reg
 .rodata.str1.1
                0x000010ba        0x2 c:/program files (x86)/cypress/psoc creator/4.4/psoc creator/import/gnu/arm/5.4.1/bin/../lib/gcc/arm-none-eabi/5.4.1/../../../../arm-none-eabi/lib/armv6-m\libg_nano.a(lib_a-impure.o)
                0x000010bc                . = ALIGN (0x4)
 *(.init)
 .init          0x000010bc        0x4 c:/program files (x86)/cypress/psoc creator/4.4/psoc creator/import/gnu/arm/5.4.1/bin/../lib/gcc/arm-none-eabi/5.4.1/armv6-m/crti.o
                0x000010bc                _init
 .init          0x000010c0        0x8 c:/program files (x86)/cypress/psoc creator/4.4/psoc creator/import/gnu/arm/5.4.1/bin/../lib/gcc/arm-none-eabi/5.4.1/armv6-m/crtn.o
                0x000010c8                . = ALIGN (0x4)
                0x000010c8                __preinit_array_start = .
 *(.preinit_array)
                0x000010c8                __preinit_array_end = .
                0x000010c8                . = ALIGN (0x4)
                0x000010c8                __init_array_start = .
 *(SORT(.init_array.*))
 *(.init_array)
 .init_array    0x000010c8        0x4 c:/program files (x86)/cypress/psoc creator/4.4/psoc creator/import/gnu/arm/5.4.1/bin/../lib/gcc/arm-none-eabi/5.4.1/armv6-m/crtbegin.o
 .init_array    0x000010cc        0x4 .\CortexM0\ARM_GCC_541\Debug\Cm0Start.o
                0x000010d0                __init_array_end = .
                0x000010d0                . = ALIGN (0x4)
 *(.fini)
 .fini          0x000010d0        0x4 c:/program files (x86)/cypress/psoc creator/4.4/psoc creator/import/gnu/arm/5.4.1/bin/../lib/gcc/arm-none-eabi/5.4.1/armv6-m/crti.o
                0x000010d0                _fini
 .fini          0x000010d4        0x8 c:/program files (x86)/cypress/psoc creator/4.4/psoc creator/import/gnu/arm/5.4.1/bin/../lib/gcc/arm-none-eabi/5.4.1/armv6-m/crtn.o
                0x000010dc                . = ALIGN (0x4)
                0x000010dc                __fini_array_start = .
 *(.fini_array)
 .fini_array    0x000010dc        0x4 c:/program files (x86)/cypress/psoc creator/4.4/psoc creator/import/gnu/arm/5.4.1/bin/../lib/gcc/arm-none-eabi/5.4.1/armv6-m/crtbegin.o
 *(SORT(.fini_array.*))
                0x000010e0                __fini_array_end = .
                0x000010e0                . = ALIGN (0x4)
 *crtbegin.o(.ctors)
 *(EXCLUDE_FILE(*crtend.o) .ctors)
 *(SORT(.ctors.*))
 *crtend.o(.ctors)
                0x000010e0                . = ALIGN (0x4)
 *crtbegin.o(.dtors)
 *(EXCLUDE_FILE(*crtend.o) .dtors)
 *(SORT(.dtors.*))
 *crtend.o(.dtors)
                0x000010e0                . = ALIGN (0x4)
                0x000010e0                __cy_regions = .
                0x000010e0        0x4 LONG 0x10f0 __cy_region_init_ram
                0x000010e4        0x4 LONG 0x200000c0 __cy_region_start_data
                0x000010e8        0x4 LONG 0x90 __cy_region_init_size_ram
                0x000010ec        0x4 LONG 0x48 __cy_region_zero_size_ram
                0x000010f0                __cy_regions_end = .
                0x000010f0                . = ALIGN (0x8)
                0x000010f0                _etext = .

.cy_checksum_exclude
                0x000010f0        0x0
 *(.cy_checksum_exclude)

.ramvectors     0x20000000       0xc0
                0x20000000                __cy_region_start_ram = .
 *(.ramvectors)
 .ramvectors    0x20000000       0xc0 .\CortexM0\ARM_GCC_541\Debug\Cm0Start.o
                0x20000000                CyRamVectors

.noinit
 *(.noinit)

.data           0x200000c0       0x90 load address 0x000010f0
                0x200000c0                __cy_region_start_data = .
 *(.jcr)
 .jcr           0x200000c0        0x0 c:/program files (x86)/cypress/psoc creator/4.4/psoc creator/import/gnu/arm/5.4.1/bin/../lib/gcc/arm-none-eabi/5.4.1/armv6-m/crtbegin.o
 .jcr           0x200000c0        0x4 c:/program files (x86)/cypress/psoc creator/4.4/psoc creator/import/gnu/arm/5.4.1/bin/../lib/gcc/arm-none-eabi/5.4.1/armv6-m/crtend.o
 *(.got.plt)
 *(.got)
 *(.shdata)
 *(.data .data.* .gnu.linkonce.d.*)
 .data          0x200000c4        0x8 .\CortexM0\ARM_GCC_541\Debug\main.o
                0x200000c4                indyk
 .data          0x200000cc       0x14 .\CortexM0\ARM_GCC_541\Debug\Lab_2_7SEG.a(CyLib.o)
                0x200000cc                CySysClkPumpConfig
                0x200000d0                cydelay32kMs
                0x200000d4                cydelayFreqKhz
                0x200000d8                cydelayFreqMhz
                0x200000dc                cydelayFreqHz
 .data          0x200000e0        0x8 .\CortexM0\ARM_GCC_541\Debug\Lab_2_7SEG.a(CyLFClk.o)
 .data.impure_data
                0x200000e8       0x60 c:/program files (x86)/cypress/psoc creator/4.4/psoc creator/import/gnu/arm/5.4.1/bin/../lib/gcc/arm-none-eabi/5.4.1/../../../../arm-none-eabi/lib/armv6-m\libg_nano.a(lib_a-impure.o)
 .data._impure_ptr
                0x20000148        0x4 c:/program files (x86)/cypress/psoc creator/4.4/psoc creator/import/gnu/arm/5.4.1/bin/../lib/gcc/arm-none-eabi/5.4.1/../../../../arm-none-eabi/lib/armv6-m\libg_nano.a(lib_a-impure.o)
                0x20000148                _impure_ptr
                0x20000150                . = ALIGN (0x8)
 *fill*         0x2000014c        0x4 
 *(.ram)
                0x20000150                _edata = .

.igot.plt       0x20000150        0x0 load address 0x00001180
 .igot.plt      0x20000150        0x0 c:/program files (x86)/cypress/psoc creator/4.4/psoc creator/import/gnu/arm/5.4.1/bin/../lib/gcc/arm-none-eabi/5.4.1/armv6-m/crtbegin.o

.bss            0x20000150       0x48 load address 0x00001180
                0x20000150                PROVIDE (__bss_start__, .)
 *(.shbss)
 *(.bss .bss.* .gnu.linkonce.b.*)
 .bss           0x20000150       0x1c c:/program files (x86)/cypress/psoc creator/4.4/psoc creator/import/gnu/arm/5.4.1/bin/../lib/gcc/arm-none-eabi/5.4.1/armv6-m/crtbegin.o
 .bss           0x2000016c        0x1 .\CortexM0\ARM_GCC_541\Debug\main.o
 .bss           0x2000016d        0x1 .\CortexM0\ARM_GCC_541\Debug\Lab_2_7SEG.a(SPIM.o)
                0x2000016d                SPIM_initVar
 *fill*         0x2000016e        0x2 
 .bss           0x20000170       0x28 .\CortexM0\ARM_GCC_541\Debug\Lab_2_7SEG.a(CyLFClk.o)
 *(COMMON)
                0x20000198                . = ALIGN (0x8)
 *(.ram.b)
                0x20000198                _end = .
                0x20000198                __end = .
                0x20000198                PROVIDE (end, .)
                0x20000198                PROVIDE (__bss_end__, .)
                0x000010f0                __cy_region_init_ram = LOADADDR (.data)
                0x00000090                __cy_region_init_size_ram = (_edata - ADDR (.data))
                0x00000048                __cy_region_zero_size_ram = (_end - _edata)

.heap           0x20000198       0x80 load address 0x00001180
                0x20000198                . = _end
                0x20000218                . = (. + 0x80)
 *fill*         0x20000198       0x80 
                0x20000218                __cy_heap_limit = .

.stack          0x20007c00      0x400
                0x20007c00                __cy_stack_limit = .
                0x20008000                . = (. + 0x400)
 *fill*         0x20007c00      0x400 
                0x00000001                ASSERT ((__cy_stack_limit >= __cy_heap_limit), region RAM overflowed with stack)
                0x00000000                cy_checksum_exclude_size = (CY_APPL_LOADABLE == 0x1)?SIZEOF (.cy_checksum_exclude):0x0
                0x00000001                ASSERT ((cy_checksum_exclude_size <= CY_CHECKSUM_EXCLUDE_SIZE), CY_BOOT: Section .cy_checksum_exclude size exceedes specified limit.)
                0x0003ffc0                cyloadermeta_start = (cy_project_type_bootloader || cy_project_type_app_for_stack_and_copier)?(LENGTH (rom) - CY_METADATA_SIZE):0xf0000000

.cyloadermeta
 *(.cyloadermeta)
                0x0003ffc0                cyloadablemeta_start = cy_project_type_app_for_stack_and_copier?((LENGTH (rom) - CY_FLASH_ROW_SIZE) - CY_METADATA_SIZE):((LENGTH (rom) - (CY_FLASH_ROW_SIZE * (CY_APPL_NUM - 0x1))) - CY_METADATA_SIZE)

.cyloadablemeta
 *(.cyloadablemeta)

.cyflashprotect
                0x90400000       0x80
 *(.cyflashprotect)
 .cyflashprotect
                0x90400000       0x80 .\CortexM0\ARM_GCC_541\Debug\cymetadata.o
                0x90400000                cy_meta_flashprotect

.cymeta         0x90500000        0xc
 *(.cymeta)
 .cymeta        0x90500000        0xc .\CortexM0\ARM_GCC_541\Debug\cymetadata.o
                0x90500000                cy_metadata

.cychipprotect  0x90600000        0x1
 *(.cychipprotect)
 .cychipprotect
                0x90600000        0x1 .\CortexM0\ARM_GCC_541\Debug\cymetadata.o
                0x90600000                cy_meta_chipprotect

.rel.dyn        0x00001180        0x0 load address 0x90600004
 .rel.iplt      0x00001180        0x0 c:/program files (x86)/cypress/psoc creator/4.4/psoc creator/import/gnu/arm/5.4.1/bin/../lib/gcc/arm-none-eabi/5.4.1/armv6-m/crtbegin.o

.stab
 *(.stab)

.stabstr
 *(.stabstr)

.debug
 *(.debug)

.line
 *(.line)

.debug_srcinfo
 *(.debug_srcinfo)

.debug_sfnames
 *(.debug_sfnames)

.debug_aranges  0x00000000      0x6c0
 *(.debug_aranges)
 .debug_aranges
                0x00000000       0x30 .\CortexM0\ARM_GCC_541\Debug\main.o
 .debug_aranges
                0x00000030       0x48 .\CortexM0\ARM_GCC_541\Debug\cyfitter_cfg.o
 .debug_aranges
                0x00000078       0x18 .\CortexM0\ARM_GCC_541\Debug\cymetadata.o
 .debug_aranges
                0x00000090       0x48 .\CortexM0\ARM_GCC_541\Debug\Cm0Start.o
 .debug_aranges
                0x000000d8       0xd8 .\CortexM0\ARM_GCC_541\Debug\Lab_2_7SEG.a(SPIM.o)
 .debug_aranges
                0x000001b0       0x80 .\CortexM0\ARM_GCC_541\Debug\Lab_2_7SEG.a(isr_100Hz.o)
 .debug_aranges
                0x00000230       0x40 .\CortexM0\ARM_GCC_541\Debug\Lab_2_7SEG.a(SPIM_IntClock.o)
 .debug_aranges
                0x00000270      0x1d0 .\CortexM0\ARM_GCC_541\Debug\Lab_2_7SEG.a(CyLib.o)
 .debug_aranges
                0x00000440      0x188 .\CortexM0\ARM_GCC_541\Debug\Lab_2_7SEG.a(CyLFClk.o)
 .debug_aranges
                0x000005c8       0x48 .\CortexM0\ARM_GCC_541\Debug\Lab_2_7SEG.a(Pin_B.o)
 .debug_aranges
                0x00000610       0x48 .\CortexM0\ARM_GCC_541\Debug\Lab_2_7SEG.a(Pin_A.o)
 .debug_aranges
                0x00000658       0x48 .\CortexM0\ARM_GCC_541\Debug\Lab_2_7SEG.a(Pin_C.o)
 .debug_aranges
                0x000006a0       0x20 .\CortexM0\ARM_GCC_541\Debug\Lab_2_7SEG.a(CyBootAsmGnu.o)

.debug_pubnames
 *(.debug_pubnames)

.debug_info     0x00000000     0x3959
 *(.debug_info .gnu.linkonce.wi.*)
 .debug_info    0x00000000      0x2e1 .\CortexM0\ARM_GCC_541\Debug\main.o
 .debug_info    0x000002e1      0x595 .\CortexM0\ARM_GCC_541\Debug\cyfitter_cfg.o
 .debug_info    0x00000876       0xf8 .\CortexM0\ARM_GCC_541\Debug\cymetadata.o
 .debug_info    0x0000096e      0x3a2 .\CortexM0\ARM_GCC_541\Debug\Cm0Start.o
 .debug_info    0x00000d10      0x4df .\CortexM0\ARM_GCC_541\Debug\Lab_2_7SEG.a(SPIM.o)
 .debug_info    0x000011ef      0x305 .\CortexM0\ARM_GCC_541\Debug\Lab_2_7SEG.a(isr_100Hz.o)
 .debug_info    0x000014f4      0x166 .\CortexM0\ARM_GCC_541\Debug\Lab_2_7SEG.a(SPIM_IntClock.o)
 .debug_info    0x0000165a      0xd2b .\CortexM0\ARM_GCC_541\Debug\Lab_2_7SEG.a(CyLib.o)
 .debug_info    0x00002385     0x1071 .\CortexM0\ARM_GCC_541\Debug\Lab_2_7SEG.a(CyLFClk.o)
 .debug_info    0x000033f6      0x19d .\CortexM0\ARM_GCC_541\Debug\Lab_2_7SEG.a(Pin_B.o)
 .debug_info    0x00003593      0x19d .\CortexM0\ARM_GCC_541\Debug\Lab_2_7SEG.a(Pin_A.o)
 .debug_info    0x00003730      0x19d .\CortexM0\ARM_GCC_541\Debug\Lab_2_7SEG.a(Pin_C.o)
 .debug_info    0x000038cd       0x8c .\CortexM0\ARM_GCC_541\Debug\Lab_2_7SEG.a(CyBootAsmGnu.o)

.debug_abbrev   0x00000000      0xf97
 *(.debug_abbrev)
 .debug_abbrev  0x00000000      0x140 .\CortexM0\ARM_GCC_541\Debug\main.o
 .debug_abbrev  0x00000140      0x1e1 .\CortexM0\ARM_GCC_541\Debug\cyfitter_cfg.o
 .debug_abbrev  0x00000321       0x5d .\CortexM0\ARM_GCC_541\Debug\cymetadata.o
 .debug_abbrev  0x0000037e      0x1d7 .\CortexM0\ARM_GCC_541\Debug\Cm0Start.o
 .debug_abbrev  0x00000555      0x15d .\CortexM0\ARM_GCC_541\Debug\Lab_2_7SEG.a(SPIM.o)
 .debug_abbrev  0x000006b2      0x19a .\CortexM0\ARM_GCC_541\Debug\Lab_2_7SEG.a(isr_100Hz.o)
 .debug_abbrev  0x0000084c       0xb7 .\CortexM0\ARM_GCC_541\Debug\Lab_2_7SEG.a(SPIM_IntClock.o)
 .debug_abbrev  0x00000903      0x1e0 .\CortexM0\ARM_GCC_541\Debug\Lab_2_7SEG.a(CyLib.o)
 .debug_abbrev  0x00000ae3      0x248 .\CortexM0\ARM_GCC_541\Debug\Lab_2_7SEG.a(CyLFClk.o)
 .debug_abbrev  0x00000d2b       0xc8 .\CortexM0\ARM_GCC_541\Debug\Lab_2_7SEG.a(Pin_B.o)
 .debug_abbrev  0x00000df3       0xc8 .\CortexM0\ARM_GCC_541\Debug\Lab_2_7SEG.a(Pin_A.o)
 .debug_abbrev  0x00000ebb       0xc8 .\CortexM0\ARM_GCC_541\Debug\Lab_2_7SEG.a(Pin_C.o)
 .debug_abbrev  0x00000f83       0x14 .\CortexM0\ARM_GCC_541\Debug\Lab_2_7SEG.a(CyBootAsmGnu.o)

.debug_line     0x00000000     0x18b4
 *(.debug_line)
 .debug_line    0x00000000      0x12f .\CortexM0\ARM_GCC_541\Debug\main.o
 .debug_line    0x0000012f      0x1ce .\CortexM0\ARM_GCC_541\Debug\cyfitter_cfg.o
 .debug_line    0x000002fd      0x141 .\CortexM0\ARM_GCC_541\Debug\cymetadata.o
 .debug_line    0x0000043e      0x236 .\CortexM0\ARM_GCC_541\Debug\Cm0Start.o
 .debug_line    0x00000674      0x25e .\CortexM0\ARM_GCC_541\Debug\Lab_2_7SEG.a(SPIM.o)
 .debug_line    0x000008d2      0x155 .\CortexM0\ARM_GCC_541\Debug\Lab_2_7SEG.a(isr_100Hz.o)
 .debug_line    0x00000a27       0xc0 .\CortexM0\ARM_GCC_541\Debug\Lab_2_7SEG.a(SPIM_IntClock.o)
 .debug_line    0x00000ae7      0x553 .\CortexM0\ARM_GCC_541\Debug\Lab_2_7SEG.a(CyLib.o)
 .debug_line    0x0000103a      0x5db .\CortexM0\ARM_GCC_541\Debug\Lab_2_7SEG.a(CyLFClk.o)
 .debug_line    0x00001615       0xbd .\CortexM0\ARM_GCC_541\Debug\Lab_2_7SEG.a(Pin_B.o)
 .debug_line    0x000016d2       0xbd .\CortexM0\ARM_GCC_541\Debug\Lab_2_7SEG.a(Pin_A.o)
 .debug_line    0x0000178f       0xbd .\CortexM0\ARM_GCC_541\Debug\Lab_2_7SEG.a(Pin_C.o)
 .debug_line    0x0000184c       0x68 .\CortexM0\ARM_GCC_541\Debug\Lab_2_7SEG.a(CyBootAsmGnu.o)

.debug_frame    0x00000000     0x10f4
 *(.debug_frame)
 .debug_frame   0x00000000       0x84 .\CortexM0\ARM_GCC_541\Debug\main.o
 .debug_frame   0x00000084       0xb8 .\CortexM0\ARM_GCC_541\Debug\cyfitter_cfg.o
 .debug_frame   0x0000013c       0xbc .\CortexM0\ARM_GCC_541\Debug\Cm0Start.o
 .debug_frame   0x000001f8      0x1e8 .\CortexM0\ARM_GCC_541\Debug\Lab_2_7SEG.a(SPIM.o)
 .debug_frame   0x000003e0      0x110 .\CortexM0\ARM_GCC_541\Debug\Lab_2_7SEG.a(isr_100Hz.o)
 .debug_frame   0x000004f0       0x6c .\CortexM0\ARM_GCC_541\Debug\Lab_2_7SEG.a(SPIM_IntClock.o)
 .debug_frame   0x0000055c      0x4a4 .\CortexM0\ARM_GCC_541\Debug\Lab_2_7SEG.a(CyLib.o)
 .debug_frame   0x00000a00      0x4a8 .\CortexM0\ARM_GCC_541\Debug\Lab_2_7SEG.a(CyLFClk.o)
 .debug_frame   0x00000ea8       0x70 .\CortexM0\ARM_GCC_541\Debug\Lab_2_7SEG.a(Pin_B.o)
 .debug_frame   0x00000f18       0x70 .\CortexM0\ARM_GCC_541\Debug\Lab_2_7SEG.a(Pin_A.o)
 .debug_frame   0x00000f88       0x70 .\CortexM0\ARM_GCC_541\Debug\Lab_2_7SEG.a(Pin_C.o)
 .debug_frame   0x00000ff8       0x20 c:/program files (x86)/cypress/psoc creator/4.4/psoc creator/import/gnu/arm/5.4.1/bin/../lib/gcc/arm-none-eabi/5.4.1/armv6-m\libgcc.a(_udivsi3.o)
 .debug_frame   0x00001018       0x20 c:/program files (x86)/cypress/psoc creator/4.4/psoc creator/import/gnu/arm/5.4.1/bin/../lib/gcc/arm-none-eabi/5.4.1/armv6-m\libgcc.a(_divsi3.o)
 .debug_frame   0x00001038       0x20 c:/program files (x86)/cypress/psoc creator/4.4/psoc creator/import/gnu/arm/5.4.1/bin/../lib/gcc/arm-none-eabi/5.4.1/../../../../arm-none-eabi/lib/armv6-m\libg_nano.a(lib_a-errno.o)
 .debug_frame   0x00001058       0x28 c:/program files (x86)/cypress/psoc creator/4.4/psoc creator/import/gnu/arm/5.4.1/bin/../lib/gcc/arm-none-eabi/5.4.1/../../../../arm-none-eabi/lib/armv6-m\libg_nano.a(lib_a-exit.o)
 .debug_frame   0x00001080       0x2c c:/program files (x86)/cypress/psoc creator/4.4/psoc creator/import/gnu/arm/5.4.1/bin/../lib/gcc/arm-none-eabi/5.4.1/../../../../arm-none-eabi/lib/armv6-m\libg_nano.a(lib_a-init.o)
 .debug_frame   0x000010ac       0x28 c:/program files (x86)/cypress/psoc creator/4.4/psoc creator/import/gnu/arm/5.4.1/bin/../lib/gcc/arm-none-eabi/5.4.1/../../../../arm-none-eabi/lib/armv6-m\libg_nano.a(lib_a-memcpy-stub.o)
 .debug_frame   0x000010d4       0x20 c:/program files (x86)/cypress/psoc creator/4.4/psoc creator/import/gnu/arm/5.4.1/bin/../lib/gcc/arm-none-eabi/5.4.1/../../../../arm-none-eabi/lib/armv6-m\libg_nano.a(lib_a-memset.o)

.debug_str      0x00000000     0x17eb
 *(.debug_str)
 .debug_str     0x00000000      0x1eb .\CortexM0\ARM_GCC_541\Debug\main.o
                                0x23c (size before relaxing)
 .debug_str     0x000001eb      0x1d8 .\CortexM0\ARM_GCC_541\Debug\cyfitter_cfg.o
                                0x37f (size before relaxing)
 .debug_str     0x000003c3       0x63 .\CortexM0\ARM_GCC_541\Debug\cymetadata.o
                                0x1c4 (size before relaxing)
 .debug_str     0x00000426      0x13a .\CortexM0\ARM_GCC_541\Debug\Cm0Start.o
                                0x2fd (size before relaxing)
 .debug_str     0x00000560      0x26d .\CortexM0\ARM_GCC_541\Debug\Lab_2_7SEG.a(SPIM.o)
                                0x417 (size before relaxing)
 .debug_str     0x000007cd      0x133 .\CortexM0\ARM_GCC_541\Debug\Lab_2_7SEG.a(isr_100Hz.o)
                                0x31e (size before relaxing)
 .debug_str     0x00000900       0xd2 .\CortexM0\ARM_GCC_541\Debug\Lab_2_7SEG.a(SPIM_IntClock.o)
                                0x277 (size before relaxing)
 .debug_str     0x000009d2      0x598 .\CortexM0\ARM_GCC_541\Debug\Lab_2_7SEG.a(CyLib.o)
                                0x7f4 (size before relaxing)
 .debug_str     0x00000f6a      0x6ec .\CortexM0\ARM_GCC_541\Debug\Lab_2_7SEG.a(CyLFClk.o)
                                0x934 (size before relaxing)
 .debug_str     0x00001656       0x9f .\CortexM0\ARM_GCC_541\Debug\Lab_2_7SEG.a(Pin_B.o)
                                0x232 (size before relaxing)
 .debug_str     0x000016f5       0x7b .\CortexM0\ARM_GCC_541\Debug\Lab_2_7SEG.a(Pin_A.o)
                                0x232 (size before relaxing)
 .debug_str     0x00001770       0x7b .\CortexM0\ARM_GCC_541\Debug\Lab_2_7SEG.a(Pin_C.o)
                                0x232 (size before relaxing)

.debug_loc      0x00000000     0x1e22
 *(.debug_loc)
 .debug_loc     0x00000000      0x123 .\CortexM0\ARM_GCC_541\Debug\main.o
 .debug_loc     0x00000123      0x1fe .\CortexM0\ARM_GCC_541\Debug\cyfitter_cfg.o
 .debug_loc     0x00000321      0x14f .\CortexM0\ARM_GCC_541\Debug\Cm0Start.o
 .debug_loc     0x00000470      0x112 .\CortexM0\ARM_GCC_541\Debug\Lab_2_7SEG.a(SPIM.o)
 .debug_loc     0x00000582       0x82 .\CortexM0\ARM_GCC_541\Debug\Lab_2_7SEG.a(isr_100Hz.o)
 .debug_loc     0x00000604       0x76 .\CortexM0\ARM_GCC_541\Debug\Lab_2_7SEG.a(SPIM_IntClock.o)
 .debug_loc     0x0000067a      0x818 .\CortexM0\ARM_GCC_541\Debug\Lab_2_7SEG.a(CyLib.o)
 .debug_loc     0x00000e92      0xdaa .\CortexM0\ARM_GCC_541\Debug\Lab_2_7SEG.a(CyLFClk.o)
 .debug_loc     0x00001c3c       0xa2 .\CortexM0\ARM_GCC_541\Debug\Lab_2_7SEG.a(Pin_B.o)
 .debug_loc     0x00001cde       0xa2 .\CortexM0\ARM_GCC_541\Debug\Lab_2_7SEG.a(Pin_A.o)
 .debug_loc     0x00001d80       0xa2 .\CortexM0\ARM_GCC_541\Debug\Lab_2_7SEG.a(Pin_C.o)

.debug_macinfo
 *(.debug_macinfo)

.debug_ranges   0x00000000      0x608
 *(.debug_ranges)
 .debug_ranges  0x00000000       0x50 .\CortexM0\ARM_GCC_541\Debug\main.o
 .debug_ranges  0x00000050       0x38 .\CortexM0\ARM_GCC_541\Debug\cyfitter_cfg.o
 .debug_ranges  0x00000088       0x38 .\CortexM0\ARM_GCC_541\Debug\Cm0Start.o
 .debug_ranges  0x000000c0       0xc8 .\CortexM0\ARM_GCC_541\Debug\Lab_2_7SEG.a(SPIM.o)
 .debug_ranges  0x00000188       0x70 .\CortexM0\ARM_GCC_541\Debug\Lab_2_7SEG.a(isr_100Hz.o)
 .debug_ranges  0x000001f8       0x30 .\CortexM0\ARM_GCC_541\Debug\Lab_2_7SEG.a(SPIM_IntClock.o)
 .debug_ranges  0x00000228      0x1c0 .\CortexM0\ARM_GCC_541\Debug\Lab_2_7SEG.a(CyLib.o)
 .debug_ranges  0x000003e8      0x178 .\CortexM0\ARM_GCC_541\Debug\Lab_2_7SEG.a(CyLFClk.o)
 .debug_ranges  0x00000560       0x38 .\CortexM0\ARM_GCC_541\Debug\Lab_2_7SEG.a(Pin_B.o)
 .debug_ranges  0x00000598       0x38 .\CortexM0\ARM_GCC_541\Debug\Lab_2_7SEG.a(Pin_A.o)
 .debug_ranges  0x000005d0       0x38 .\CortexM0\ARM_GCC_541\Debug\Lab_2_7SEG.a(Pin_C.o)

.comment        0x00000000       0x6e
 .comment       0x00000000       0x6e .\CortexM0\ARM_GCC_541\Debug\main.o
                                 0x6f (size before relaxing)
 .comment       0x0000006e       0x6f .\CortexM0\ARM_GCC_541\Debug\cyfitter_cfg.o
 .comment       0x0000006e       0x6f .\CortexM0\ARM_GCC_541\Debug\cymetadata.o
 .comment       0x0000006e       0x6f .\CortexM0\ARM_GCC_541\Debug\Cm0Start.o
 .comment       0x0000006e       0x6f .\CortexM0\ARM_GCC_541\Debug\Lab_2_7SEG.a(SPIM.o)
 .comment       0x0000006e       0x6f .\CortexM0\ARM_GCC_541\Debug\Lab_2_7SEG.a(isr_100Hz.o)
 .comment       0x0000006e       0x6f .\CortexM0\ARM_GCC_541\Debug\Lab_2_7SEG.a(SPIM_IntClock.o)
 .comment       0x0000006e       0x6f .\CortexM0\ARM_GCC_541\Debug\Lab_2_7SEG.a(CyLib.o)
 .comment       0x0000006e       0x6f .\CortexM0\ARM_GCC_541\Debug\Lab_2_7SEG.a(CyLFClk.o)
 .comment       0x0000006e       0x6f .\CortexM0\ARM_GCC_541\Debug\Lab_2_7SEG.a(Pin_B.o)
 .comment       0x0000006e       0x6f .\CortexM0\ARM_GCC_541\Debug\Lab_2_7SEG.a(Pin_A.o)
 .comment       0x0000006e       0x6f .\CortexM0\ARM_GCC_541\Debug\Lab_2_7SEG.a(Pin_C.o)

.debug_weaknames
 *(.debug_weaknames)

.debug_funcnames
 *(.debug_funcnames)

.debug_typenames
 *(.debug_typenames)

.debug_varnames
 *(.debug_varnames)

.note.gnu.arm.ident
 *(.note.gnu.arm.ident)

.ARM.attributes
                0x00000000       0x28
 *(.ARM.attributes)
 .ARM.attributes
                0x00000000       0x1e c:/program files (x86)/cypress/psoc creator/4.4/psoc creator/import/gnu/arm/5.4.1/bin/../lib/gcc/arm-none-eabi/5.4.1/armv6-m/crti.o
 .ARM.attributes
                0x0000001e       0x2c c:/program files (x86)/cypress/psoc creator/4.4/psoc creator/import/gnu/arm/5.4.1/bin/../lib/gcc/arm-none-eabi/5.4.1/armv6-m/crtbegin.o
 .ARM.attributes
                0x0000004a       0x1b c:/program files (x86)/cypress/psoc creator/4.4/psoc creator/import/gnu/arm/5.4.1/bin/../lib/gcc/arm-none-eabi/5.4.1/../../../../arm-none-eabi/lib/armv6-m/crt0.o
 .ARM.attributes
                0x00000065       0x31 .\CortexM0\ARM_GCC_541\Debug\main.o
 .ARM.attributes
                0x00000096       0x31 .\CortexM0\ARM_GCC_541\Debug\cyfitter_cfg.o
 .ARM.attributes
                0x000000c7       0x31 .\CortexM0\ARM_GCC_541\Debug\cymetadata.o
 .ARM.attributes
                0x000000f8       0x31 .\CortexM0\ARM_GCC_541\Debug\Cm0Start.o
 .ARM.attributes
                0x00000129       0x31 .\CortexM0\ARM_GCC_541\Debug\Lab_2_7SEG.a(SPIM.o)
 .ARM.attributes
                0x0000015a       0x31 .\CortexM0\ARM_GCC_541\Debug\Lab_2_7SEG.a(isr_100Hz.o)
 .ARM.attributes
                0x0000018b       0x31 .\CortexM0\ARM_GCC_541\Debug\Lab_2_7SEG.a(SPIM_IntClock.o)
 .ARM.attributes
                0x000001bc       0x31 .\CortexM0\ARM_GCC_541\Debug\Lab_2_7SEG.a(CyLib.o)
 .ARM.attributes
                0x000001ed       0x31 .\CortexM0\ARM_GCC_541\Debug\Lab_2_7SEG.a(CyLFClk.o)
 .ARM.attributes
                0x0000021e       0x31 .\CortexM0\ARM_GCC_541\Debug\Lab_2_7SEG.a(Pin_B.o)
 .ARM.attributes
                0x0000024f       0x31 .\CortexM0\ARM_GCC_541\Debug\Lab_2_7SEG.a(Pin_A.o)
 .ARM.attributes
                0x00000280       0x31 .\CortexM0\ARM_GCC_541\Debug\Lab_2_7SEG.a(Pin_C.o)
 .ARM.attributes
                0x000002b1       0x21 .\CortexM0\ARM_GCC_541\Debug\Lab_2_7SEG.a(CyBootAsmGnu.o)
 .ARM.attributes
                0x000002d2       0x1e c:/program files (x86)/cypress/psoc creator/4.4/psoc creator/import/gnu/arm/5.4.1/bin/../lib/gcc/arm-none-eabi/5.4.1/armv6-m\libgcc.a(_udivsi3.o)
 .ARM.attributes
                0x000002f0       0x1e c:/program files (x86)/cypress/psoc creator/4.4/psoc creator/import/gnu/arm/5.4.1/bin/../lib/gcc/arm-none-eabi/5.4.1/armv6-m\libgcc.a(_divsi3.o)
 .ARM.attributes
                0x0000030e       0x1e c:/program files (x86)/cypress/psoc creator/4.4/psoc creator/import/gnu/arm/5.4.1/bin/../lib/gcc/arm-none-eabi/5.4.1/armv6-m\libgcc.a(_dvmd_tls.o)
 .ARM.attributes
                0x0000032c       0x2c c:/program files (x86)/cypress/psoc creator/4.4/psoc creator/import/gnu/arm/5.4.1/bin/../lib/gcc/arm-none-eabi/5.4.1/../../../../arm-none-eabi/lib/armv6-m\libg_nano.a(lib_a-errno.o)
 .ARM.attributes
                0x00000358       0x2c c:/program files (x86)/cypress/psoc creator/4.4/psoc creator/import/gnu/arm/5.4.1/bin/../lib/gcc/arm-none-eabi/5.4.1/../../../../arm-none-eabi/lib/armv6-m\libg_nano.a(lib_a-exit.o)
 .ARM.attributes
                0x00000384       0x2c c:/program files (x86)/cypress/psoc creator/4.4/psoc creator/import/gnu/arm/5.4.1/bin/../lib/gcc/arm-none-eabi/5.4.1/../../../../arm-none-eabi/lib/armv6-m\libg_nano.a(lib_a-impure.o)
 .ARM.attributes
                0x000003b0       0x2c c:/program files (x86)/cypress/psoc creator/4.4/psoc creator/import/gnu/arm/5.4.1/bin/../lib/gcc/arm-none-eabi/5.4.1/../../../../arm-none-eabi/lib/armv6-m\libg_nano.a(lib_a-init.o)
 .ARM.attributes
                0x000003dc       0x2c c:/program files (x86)/cypress/psoc creator/4.4/psoc creator/import/gnu/arm/5.4.1/bin/../lib/gcc/arm-none-eabi/5.4.1/../../../../arm-none-eabi/lib/armv6-m\libg_nano.a(lib_a-memcpy-stub.o)
 .ARM.attributes
                0x00000408       0x2c c:/program files (x86)/cypress/psoc creator/4.4/psoc creator/import/gnu/arm/5.4.1/bin/../lib/gcc/arm-none-eabi/5.4.1/../../../../arm-none-eabi/lib/armv6-m\libg_nano.a(lib_a-memset.o)
 .ARM.attributes
                0x00000434       0x2c c:/program files (x86)/cypress/psoc creator/4.4/psoc creator/import/gnu/arm/5.4.1/bin/../lib/gcc/arm-none-eabi/5.4.1/armv6-m/crtend.o
 .ARM.attributes
                0x00000460       0x1e c:/program files (x86)/cypress/psoc creator/4.4/psoc creator/import/gnu/arm/5.4.1/bin/../lib/gcc/arm-none-eabi/5.4.1/armv6-m/crtn.o

/DISCARD/
 *(.note.GNU-stack)
OUTPUT(C:\Users\rad1an\Downloads\psoc-1-opyr_husiev\Lab_2_7SEG.cydsn\CortexM0\ARM_GCC_541\Debug\Lab_2_7SEG.elf elf32-littlearm)
